src/App.tsx(1,1): error TS6133: 'React' is declared but its value is never read.
src/components/DirectorControls.tsx(1,8): error TS6133: 'React' is declared but its value is never read.
src/components/DirectorControls.tsx(3,29): error TS6133: 'ChevronUp' is declared but its value is never read.
src/components/DirectorControls.tsx(3,40): error TS6133: 'ChevronDown' is declared but its value is never read.
src/components/ErrorBoundary.tsx(1,8): error TS6133: 'React' is declared but its value is never read.
src/components/ErrorBoundary.tsx(1,28): error TS1484: 'ErrorInfo' is a type and must be imported using a type-only import when 'verbatimModuleSyntax' is enabled.
src/components/ErrorBoundary.tsx(1,39): error TS1484: 'ReactNode' is a type and must be imported using a type-only import when 'verbatimModuleSyntax' is enabled.
src/components/Layout.tsx(1,1): error TS6133: 'React' is declared but its value is never read.
src/components/Layout.tsx(5,18): error TS6133: 'AnimatePresence' is declared but its value is never read.
src/components/LiveBanner.tsx(1,8): error TS6133: 'React' is declared but its value is never read.
src/components/MixSongItem.tsx(1,8): error TS6133: 'React' is declared but its value is never read.
src/components/MixSongItem.tsx(4,23): error TS6133: 'Mic' is declared but its value is never read.
src/components/MixSongItem.tsx(4,41): error TS6133: 'ChevronUp' is declared but its value is never read.
src/lib/transpose.ts(97,52): error TS6133: 'match' is declared but its value is never read.
src/pages/HomePage.tsx(1,1): error TS6133: 'React' is declared but its value is never read.
src/pages/MixEditor.tsx(6,1): error TS6133: 'cn' is declared but its value is never read.
src/pages/MixList.tsx(1,1): error TS6133: 'React' is declared but its value is never read.
src/pages/MixViewer.tsx(1,8): error TS6133: 'React' is declared but its value is never read.
src/pages/MixViewer.tsx(5,31): error TS6133: 'Share2' is declared but its value is never read.
src/pages/SongEditor.tsx(9,29): error TS6133: 'updateSong' is declared but its value is never read.
src/pages/SongList.tsx(1,8): error TS6133: 'React' is declared but its value is never read.
src/pages/SongViewer.tsx(1,8): error TS6133: 'React' is declared but its value is never read.
